[debug] [2026-09-09T15:08:37.246Z] ----------------------------------------------------------------------
[debug] [2026-09-09T15:08:37.249Z] Command:       C:\Program Files\nodejs\node.exe C:\Users\Siddhesh\AppData\Roaming\npm\node_modules\firebase-tools\lib\bin\firebase.js projects:list
[debug] [2026-09-09T15:08:37.249Z] CLI Version:   15.29.0
[debug] [2026-09-09T15:08:37.249Z] Platform:      win32
[debug] [2026-09-09T15:08:37.249Z] Node Version:  v24.16.0
[debug] [2026-09-09T15:08:37.249Z] Detected Agent: unknown
[debug] [2026-09-09T15:08:37.249Z] Time:          Wed Sep 09 2026 20:38:37 GMT+0530 (India Standard Time)
[debug] [2026-09-09T15:08:37.250Z] ----------------------------------------------------------------------
[debug] 
[debug] [2026-09-09T15:08:37.259Z] > command requires scopes: ["email","openid","https://www.googleapis.com/auth/cloudplatformprojects.readonly","https://www.googleapis.com/auth/firebase","https://www.googleapis.com/auth/cloud-platform"]
[debug] [2026-09-09T15:08:37.259Z] > authorizing via signed-in user (siddheshkalambe12@gmail.com)
[debug] [2026-09-09T15:08:37.272Z] Checked if tokens are valid: false, expires at: 1755364635639
[debug] [2026-09-09T15:08:37.272Z] Checked if tokens are valid: false, expires at: 1755364635639
[debug] [2026-09-09T15:08:37.272Z] > refreshing access token with scopes: []
[debug] [2026-09-09T15:08:37.275Z] >>> [apiv2][query] POST https://www.googleapis.com/oauth2/v3/token [none]
[debug] [2026-09-09T15:08:37.275Z] >>> [apiv2][body] POST https://www.googleapis.com/oauth2/v3/token [omitted]
[debug] [2026-09-09T15:08:37.488Z] <<< [apiv2][status] POST https://www.googleapis.com/oauth2/v3/token 400
[debug] [2026-09-09T15:08:37.488Z] <<< [apiv2][body] POST https://www.googleapis.com/oauth2/v3/token [omitted]
[debug] [2026-09-09T15:08:37.488Z] >>> [apiv2][query] GET https://firebase.googleapis.com/v1beta1/projects pageSize=1000
[debug] [2026-09-09T15:08:37.975Z] <<< [apiv2][status] GET https://firebase.googleapis.com/v1beta1/projects 401
[debug] [2026-09-09T15:08:37.975Z] <<< [apiv2][body] GET https://firebase.googleapis.com/v1beta1/projects [omitted]
[debug] [2026-09-09T15:08:37.975Z] Got a 401 Unauthenticated error for a call that required authentication. Refreshing tokens.
[debug] [2026-09-09T15:08:37.975Z] Checked if tokens are valid: false, expires at: 1755364635639
[debug] [2026-09-09T15:08:37.975Z] Checked if tokens are valid: false, expires at: 1755364635639
[debug] [2026-09-09T15:08:37.975Z] > refreshing access token with scopes: []
[debug] [2026-09-09T15:08:37.975Z] >>> [apiv2][query] POST https://www.googleapis.com/oauth2/v3/token [none]
[debug] [2026-09-09T15:08:37.975Z] >>> [apiv2][body] POST https://www.googleapis.com/oauth2/v3/token [omitted]
[debug] [2026-09-09T15:08:38.061Z] <<< [apiv2][status] POST https://www.googleapis.com/oauth2/v3/token 400
[debug] [2026-09-09T15:08:38.061Z] <<< [apiv2][body] POST https://www.googleapis.com/oauth2/v3/token [omitted]
[debug] [2026-09-09T15:08:38.062Z] Request to https://firebase.googleapis.com/v1beta1/projects?pageSize=1000 had HTTP Error: 401, Request had invalid authentication credentials. Expected OAuth 2 access token, login cookie or other valid authentication credential. See https://developers.google.com/identity/sign-in/web/devconsole-project.
[debug] [2026-09-09T15:08:38.270Z] FirebaseError: Request to https://firebase.googleapis.com/v1beta1/projects?pageSize=1000 had HTTP Error: 401, Request had invalid authentication credentials. Expected OAuth 2 access token, login cookie or other valid authentication credential. See https://developers.google.com/identity/sign-in/web/devconsole-project.
    at responseToError (C:\Users\Siddhesh\AppData\Roaming\npm\node_modules\firebase-tools\lib\responseToError.js:53:12)
    at RetryOperation._fn (C:\Users\Siddhesh\AppData\Roaming\npm\node_modules\firebase-tools\lib\apiv2.js:415:77)
    at process.processTicksAndRejections (node:internal/process/task_queues:104:5)
[error] 
[error] Error: Failed to list Firebase projects. See firebase-debug.log for more info.
[debug] [2026-09-09T15:09:01.871Z] ----------------------------------------------------------------------
[debug] [2026-09-09T15:09:01.874Z] Command:       C:\Program Files\nodejs\node.exe C:\Users\Siddhesh\AppData\Roaming\npm\node_modules\firebase-tools\lib\bin\firebase.js projects:list --debug
[debug] [2026-09-09T15:09:01.875Z] CLI Version:   15.29.0
[debug] [2026-09-09T15:09:01.875Z] Platform:      win32
[debug] [2026-09-09T15:09:01.875Z] Node Version:  v24.16.0
[debug] [2026-09-09T15:09:01.875Z] Detected Agent: unknown
[debug] [2026-09-09T15:09:01.876Z] Time:          Wed Sep 09 2026 20:39:01 GMT+0530 (India Standard Time)
[debug] [2026-09-09T15:09:01.876Z] ----------------------------------------------------------------------
[debug] 
[debug] [2026-09-09T15:09:01.882Z] > command requires scopes: ["email","openid","https://www.googleapis.com/auth/cloudplatformprojects.readonly","https://www.googleapis.com/auth/firebase","https://www.googleapis.com/auth/cloud-platform"]
[debug] [2026-09-09T15:09:01.882Z] > authorizing via signed-in user (siddheshkalambe12@gmail.com)
[debug] [2026-09-09T15:09:01.896Z] Checked if tokens are valid: false, expires at: 1755364635639
[debug] [2026-09-09T15:09:01.896Z] Checked if tokens are valid: false, expires at: 1755364635639
[debug] [2026-09-09T15:09:01.896Z] > refreshing access token with scopes: []
[debug] [2026-09-09T15:09:01.899Z] >>> [apiv2][query] POST https://www.googleapis.com/oauth2/v3/token [none]
[debug] [2026-09-09T15:09:01.899Z] >>> [apiv2][body] POST https://www.googleapis.com/oauth2/v3/token [omitted]
[debug] [2026-09-09T15:09:02.365Z] <<< [apiv2][status] POST https://www.googleapis.com/oauth2/v3/token 400
[debug] [2026-09-09T15:09:02.366Z] <<< [apiv2][body] POST https://www.googleapis.com/oauth2/v3/token [omitted]
[debug] [2026-09-09T15:09:02.366Z] >>> [apiv2][query] GET https://firebase.googleapis.com/v1beta1/projects pageSize=1000
[debug] [2026-09-09T15:09:02.613Z] <<< [apiv2][status] GET https://firebase.googleapis.com/v1beta1/projects 401
[debug] [2026-09-09T15:09:02.614Z] <<< [apiv2][body] GET https://firebase.googleapis.com/v1beta1/projects [omitted]
[debug] [2026-09-09T15:09:02.614Z] Got a 401 Unauthenticated error for a call that required authentication. Refreshing tokens.
[debug] [2026-09-09T15:09:02.614Z] Checked if tokens are valid: false, expires at: 1755364635639
[debug] [2026-09-09T15:09:02.614Z] Checked if tokens are valid: false, expires at: 1755364635639
[debug] [2026-09-09T15:09:02.614Z] > refreshing access token with scopes: []
[debug] [2026-09-09T15:09:02.615Z] >>> [apiv2][query] POST https://www.googleapis.com/oauth2/v3/token [none]
[debug] [2026-09-09T15:09:02.615Z] >>> [apiv2][body] POST https://www.googleapis.com/oauth2/v3/token [omitted]
[debug] [2026-09-09T15:09:02.699Z] <<< [apiv2][status] POST https://www.googleapis.com/oauth2/v3/token 400
[debug] [2026-09-09T15:09:02.699Z] <<< [apiv2][body] POST https://www.googleapis.com/oauth2/v3/token [omitted]
[debug] [2026-09-09T15:09:02.700Z] Request to https://firebase.googleapis.com/v1beta1/projects?pageSize=1000 had HTTP Error: 401, Request had invalid authentication credentials. Expected OAuth 2 access token, login cookie or other valid authentication credential. See https://developers.google.com/identity/sign-in/web/devconsole-project.
[debug] [2026-09-09T15:09:02.967Z] FirebaseError: Request to https://firebase.googleapis.com/v1beta1/projects?pageSize=1000 had HTTP Error: 401, Request had invalid authentication credentials. Expected OAuth 2 access token, login cookie or other valid authentication credential. See https://developers.google.com/identity/sign-in/web/devconsole-project.
    at responseToError (C:\Users\Siddhesh\AppData\Roaming\npm\node_modules\firebase-tools\lib\responseToError.js:53:12)
    at RetryOperation._fn (C:\Users\Siddhesh\AppData\Roaming\npm\node_modules\firebase-tools\lib\apiv2.js:415:77)
    at process.processTicksAndRejections (node:internal/process/task_queues:104:5)
[error] 
[error] Error: Failed to list Firebase projects. See firebase-debug.log for more info.
